radius5_words=3512239 goal_ball_seconds=1.04974
row=0 len=1 new_len=1 seconds=2.5e-07
row=1 len=2 new_len=2 seconds=4.2e-08
row=2 len=3 new_len=3 seconds=0
row=3 len=4 new_len=4 seconds=4.1e-08
row=4 len=5 new_len=5 seconds=0
row=5 len=6 new_len=6 seconds=0
row=6 len=7 new_len=7 seconds=0
row=7 len=6 new_len=6 seconds=0
row=8 len=7 new_len=7 seconds=4.2e-08
row=9 len=10 new_len=10 seconds=4.1e-08
row=10 len=9 new_len=9 seconds=0
row=11 len=12 new_len=12 seconds=0.773474
row=12 len=11 new_len=11 seconds=0.0327181
row=13 len=10 new_len=10 seconds=0
row=14 len=15 new_len=15 seconds=0.561929
row=15 len=12 new_len=12 seconds=0.563231
row=16 len=17 new_len=17 seconds=0.602794
row=17 len=16 new_len=16 seconds=0.543303
row=18 len=17 new_len=17 seconds=0.603034
row=19 len=14 new_len=14 seconds=0.626567
row=20 len=17 new_len=17 seconds=0.613837
row=21 len=20 new_len=20 seconds=1.58161
row=22 len=21 new_len=21 seconds=0.975175
row=23 len=18 new_len=18 seconds=1.54751
row=24 len=23 new_len=23 seconds=1.59468
row=25 len=24 new_len=24 seconds=1.51541
row=26 len=27 new_len=27 seconds=1.34853
row=27 len=26 new_len=26 seconds=1.56261
row=28 len=27 new_len=27 seconds=1.14859
row=29 len=26 new_len=26 seconds=0.977527
row=30 len=27 new_len=27 seconds=0.953926
row=31 len=30 new_len=30 seconds=1.34629
row=32 len=27 new_len=27 seconds=1.14183
row=33 len=32 new_len=32 seconds=1.05503
row=34 len=25 new_len=25 seconds=1.28156
row=35 len=34 new_len=34 seconds=1.18189
row=36 len=31 new_len=31 seconds=1.0555
row=37 len=36 new_len=36 seconds=1.22383
row=38 len=37 new_len=37 seconds=1.6332
row=39 len=30 new_len=30 seconds=1.29877
row=40 len=31 new_len=31 seconds=1.17723
row=41 len=38 new_len=38 seconds=0.761733
row=42 len=37 new_len=37 seconds=0.659872
row=43 len=28 new_len=28 seconds=0.58152
row=44 len=37 new_len=37 seconds=0.677599
row=45 len=42 new_len=42 seconds=0.551108
row=46 len=39 new_len=39 seconds=0.583937
row=47 len=44 new_len=44 seconds=0.602565
row=48 len=45 new_len=45 seconds=0.630759
row=49 len=46 new_len=46 seconds=0.564565
row=50 len=45 new_len=45 seconds=0.610169
row=51 len=46 new_len=46 seconds=0.623104
row=52 len=43 new_len=43 seconds=0.592994
row=53 len=46 new_len=46 seconds=0.567184
row=54 len=45 new_len=45 seconds=0.589547
row=55 len=44 new_len=44 seconds=0.600431
row=56 len=47 new_len=47 seconds=0.761996
row=57 len=46 new_len=46 seconds=0.779035
row=58 len=43 new_len=43 seconds=1.45397
row=59 len=48 new_len=48 seconds=1.35072
row=60 len=49 new_len=49 seconds=1.3658
row=61 len=46 new_len=46 seconds=1.13277
row=62 len=45 new_len=45 seconds=0.986159
row=63 len=48 new_len=48 seconds=1.24099
row=64 len=45 new_len=45 seconds=1.6047
row=65 len=44 new_len=44 seconds=1.0822
row=66 len=45 new_len=45 seconds=1.07612
row=67 len=48 new_len=48 seconds=0.922321
row=68 len=47 new_len=47 seconds=1.12997
row=69 len=46 new_len=46 seconds=1.34103
row=70 len=45 new_len=45 seconds=0.94669
row=71 len=48 new_len=48 seconds=1.15569
row=72 len=47 new_len=47 seconds=1.14748
row=73 len=46 new_len=46 seconds=1.1366
row=74 len=45 new_len=45 seconds=1.31761
row=75 len=48 new_len=48 seconds=0.963977
row=76 len=45 new_len=45 seconds=0.961139
row=77 len=44 new_len=44 seconds=1.01129
row=78 len=45 new_len=45 seconds=1.07974
row=79 len=44 new_len=44 seconds=1.12264
row=80 len=47 new_len=47 seconds=1.02614
row=81 len=46 new_len=46 seconds=1.01964
row=82 len=43 new_len=43 seconds=1.02033
row=83 len=46 new_len=46 seconds=0.93213
row=84 len=47 new_len=47 seconds=0.951304
row=85 len=46 new_len=46 seconds=0.999733
row=86 len=45 new_len=45 seconds=1.09021
row=87 len=44 new_len=44 seconds=1.03859
row=88 len=47 new_len=47 seconds=0.817456
row=89 len=46 new_len=46 seconds=0.838775
row=90 len=47 new_len=47 seconds=0.92999
row=91 len=46 new_len=46 seconds=0.854439
row=92 len=45 new_len=45 seconds=0.872531
row=93 len=46 new_len=46 seconds=1.1631
row=94 len=47 new_len=47 seconds=0.969156
row=95 len=48 new_len=48 seconds=0.910151
row=96 len=45 new_len=45 seconds=0.908086
row=97 len=46 new_len=46 seconds=1.0765
row=98 len=47 new_len=47 seconds=0.868045
row=99 len=46 new_len=46 seconds=1.25332
row=100 len=45 new_len=45 seconds=1.16437
row=101 len=44 new_len=44 seconds=0.969541
row=102 len=49 new_len=49 seconds=0.847106
row=103 len=46 new_len=46 seconds=0.792627
row=104 len=45 new_len=45 seconds=0.822723
row=105 len=46 new_len=46 seconds=0.933159
row=106 len=45 new_len=45 seconds=1.57595
row=107 len=44 new_len=44 seconds=0.92253
row=108 len=43 new_len=43 seconds=0.694493
row=109 len=48 new_len=48 seconds=0.622198
row=110 len=45 new_len=45 seconds=1.16436
row=111 len=46 new_len=46 seconds=0.855118
row=112 len=47 new_len=47 seconds=1.01067
row=113 len=46 new_len=46 seconds=1.0323
row=114 len=47 new_len=47 seconds=0.942694
row=115 len=48 new_len=48 seconds=1.03666
row=116 len=45 new_len=45 seconds=0.948852
row=117 len=48 new_len=48 seconds=0.838892
row=118 len=47 new_len=47 seconds=0.991895
row=119 len=46 new_len=46 seconds=1.04993
row=120 len=47 new_len=47 seconds=1.63292
row=121 len=46 new_len=46 seconds=0.864542
row=122 len=45 new_len=45 seconds=1.19856
row=123 len=48 new_len=48 seconds=1.08011
row=124 len=45 new_len=45 seconds=2.01796
row=125 len=46 new_len=46 seconds=1.33303
row=126 len=47 new_len=47 seconds=1.10487
row=127 len=48 new_len=48 seconds=1.10463
row=128 len=45 new_len=45 seconds=1.14637
row=129 len=44 new_len=44 seconds=1.1728
row=130 len=47 new_len=47 seconds=1.28691
row=131 len=46 new_len=46 seconds=1.20877
row=132 len=47 new_len=47 seconds=1.15677
row=133 len=40 new_len=40 seconds=1.10668
row=134 len=49 new_len=49 seconds=1.24858
row=135 len=46 new_len=46 seconds=1.42751
row=136 len=47 new_len=47 seconds=1.3154
row=137 len=46 new_len=46 seconds=1.18233
row=138 len=45 new_len=45 seconds=1.17077
row=139 len=44 new_len=44 seconds=1.03198
row=140 len=47 new_len=47 seconds=1.06267
row=141 len=46 new_len=46 seconds=1.30381
row=142 len=45 new_len=45 seconds=0.877026
row=143 len=44 new_len=44 seconds=0.732147
row=144 len=45 new_len=45 seconds=0.610855
row=145 len=48 new_len=48 seconds=0.580976
row=146 len=45 new_len=45 seconds=0.580249
row=147 len=46 new_len=46 seconds=0.555941
row=148 len=47 new_len=47 seconds=0.530794
row=149 len=48 new_len=48 seconds=0.644216
row=150 len=45 new_len=45 seconds=0.567102
row=151 len=46 new_len=46 seconds=0.575117
row=152 len=47 new_len=47 seconds=0.603368
row=153 len=42 new_len=42 seconds=0.607577
row=154 len=43 new_len=43 seconds=0.570746
row=155 len=46 new_len=46 seconds=0.552726
row=156 len=45 new_len=45 seconds=0.555167
row=157 len=46 new_len=46 seconds=0.615242
row=158 len=47 new_len=47 seconds=0.587184
row=159 len=46 new_len=46 seconds=0.69975
row=160 len=47 new_len=47 seconds=0.539018
row=161 len=44 new_len=44 seconds=0.581347
row=162 len=45 new_len=45 seconds=0.891693
row=163 len=48 new_len=48 seconds=0.57342
row=164 len=47 new_len=47 seconds=0.568671
row=165 len=46 new_len=46 seconds=0.57316
row=166 len=47 new_len=47 seconds=0.633404
row=167 len=46 new_len=46 seconds=0.784171
row=168 len=45 new_len=45 seconds=1.09101
row=169 len=48 new_len=48 seconds=0.681831
row=170 len=47 new_len=47 seconds=0.536835
row=171 len=46 new_len=46 seconds=0.567487
row=172 len=47 new_len=47 seconds=0.676922
row=173 len=46 new_len=46 seconds=0.623774
row=174 len=41 new_len=41 seconds=0.648241
row=175 len=48 new_len=48 seconds=1.07685
row=176 len=47 new_len=47 seconds=1.75946
row=177 len=46 new_len=46 seconds=1.29876
row=178 len=47 new_len=47 seconds=0.966838
row=179 len=46 new_len=46 seconds=1.00769
row=180 len=47 new_len=47 seconds=1.29153
row=181 len=44 new_len=44 seconds=0.847791
row=182 len=47 new_len=47 seconds=1.04155
row=183 len=46 new_len=46 seconds=0.687339
row=184 len=45 new_len=45 seconds=0.640256
row=185 len=46 new_len=46 seconds=0.607148
row=186 len=45 new_len=45 seconds=0.588099
row=187 len=46 new_len=46 seconds=0.548288
row=188 len=45 new_len=45 seconds=0.6057
row=189 len=48 new_len=48 seconds=0.573534
row=190 len=45 new_len=45 seconds=0.608884
row=191 len=44 new_len=44 seconds=0.539186
row=192 len=47 new_len=47 seconds=0.574307
row=193 len=44 new_len=44 seconds=0.587325
row=194 len=47 new_len=47 seconds=0.591431
row=195 len=46 new_len=46 seconds=0.713911
row=196 len=47 new_len=47 seconds=0.618056
row=197 len=46 new_len=46 seconds=0.675148
row=198 len=47 new_len=47 seconds=0.542825
row=199 len=46 new_len=46 seconds=0.582012
row=200 len=43 new_len=43 seconds=0.590793
row=201 len=48 new_len=48 seconds=0.56658
row=202 len=47 new_len=47 seconds=0.560135
row=203 len=46 new_len=46 seconds=0.571783
row=204 len=47 new_len=47 seconds=0.609471
row=205 len=46 new_len=46 seconds=0.581911
row=206 len=47 new_len=47 seconds=0.568206
row=207 len=48 new_len=48 seconds=0.532389
row=208 len=45 new_len=45 seconds=0.757175
row=209 len=46 new_len=46 seconds=0.678608
row=210 len=45 new_len=45 seconds=1.1193
row=211 len=48 new_len=48 seconds=0.905972
row=212 len=47 new_len=47 seconds=0.633989
row=213 len=46 new_len=46 seconds=0.739533
row=214 len=43 new_len=43 seconds=0.624157
row=215 len=44 new_len=44 seconds=0.723543
row=216 len=45 new_len=45 seconds=0.747485
row=217 len=44 new_len=44 seconds=2.50041
row=218 len=45 new_len=45 seconds=1.68371
row=219 len=46 new_len=46 seconds=1.3509
row=220 len=47 new_len=47 seconds=0.85702
row=221 len=48 new_len=48 seconds=0.874744
row=222 len=45 new_len=45 seconds=1.00435
row=223 len=46 new_len=46 seconds=1.24247
row=224 len=45 new_len=45 seconds=0.980063
row=225 len=46 new_len=46 seconds=1.13632
row=226 len=45 new_len=45 seconds=1.02817
row=227 len=46 new_len=46 seconds=0.741499
row=228 len=47 new_len=47 seconds=0.623183
row=229 len=48 new_len=48 seconds=0.605481
row=230 len=47 new_len=47 seconds=0.789118
row=231 len=44 new_len=44 seconds=0.68029
row=232 len=45 new_len=45 seconds=0.598135
row=233 len=48 new_len=48 seconds=0.71978
row=234 len=47 new_len=47 seconds=0.75341
row=235 len=46 new_len=46 seconds=0.724854
row=236 len=45 new_len=45 seconds=0.867931
row=237 len=48 new_len=48 seconds=0.599512
row=238 len=47 new_len=47 seconds=0.627565
row=239 len=42 new_len=42 seconds=0.571609
row=240 len=47 new_len=47 seconds=0.580673
row=241 len=46 new_len=46 seconds=0.606093
row=242 len=47 new_len=47 seconds=0.664818
row=243 len=46 new_len=46 seconds=0.581357
row=244 len=43 new_len=43 seconds=0.811359
row=245 len=46 new_len=46 seconds=0.768305
row=246 len=45 new_len=45 seconds=0.892613
row=247 len=46 new_len=46 seconds=0.663066
row=248 len=49 new_len=49 seconds=0.644357
row=249 len=44 new_len=44 seconds=0.578594
row=250 len=49 new_len=49 seconds=0.60488
row=251 len=46 new_len=46 seconds=0.602443
row=252 len=47 new_len=47 seconds=0.591678
row=253 len=44 new_len=44 seconds=0.71665
row=254 len=45 new_len=45 seconds=0.729972
row=255 len=46 new_len=46 seconds=0.60884
row=256 len=45 new_len=45 seconds=0.570954
row=257 len=46 new_len=46 seconds=0.564802
row=258 len=45 new_len=45 seconds=0.614771
row=259 len=44 new_len=44 seconds=0.65371
row=260 len=45 new_len=45 seconds=0.607214
row=261 len=46 new_len=46 seconds=0.55792
row=262 len=43 new_len=43 seconds=0.856941
row=263 len=44 new_len=44 seconds=0.99817
row=264 len=47 new_len=47 seconds=0.668929
row=265 len=46 new_len=46 seconds=0.731271
row=266 len=47 new_len=47 seconds=0.645087
row=267 len=48 new_len=48 seconds=0.570048
row=268 len=45 new_len=45 seconds=1.03032
row=269 len=46 new_len=46 seconds=1.82657
row=270 len=45 new_len=45 seconds=1.51398
row=271 len=46 new_len=46 seconds=1.27149
row=272 len=47 new_len=47 seconds=1.09985
row=273 len=46 new_len=46 seconds=1.12382
row=274 len=45 new_len=45 seconds=1.31022
row=275 len=46 new_len=46 seconds=1.2175
row=276 len=45 new_len=45 seconds=1.14192
row=277 len=44 new_len=44 seconds=1.04064
row=278 len=49 new_len=49 seconds=0.969543
row=279 len=46 new_len=46 seconds=0.768289
row=280 len=43 new_len=43 seconds=0.89266
row=281 len=46 new_len=46 seconds=0.849567
row=282 len=47 new_len=47 seconds=0.856868
row=283 len=44 new_len=44 seconds=0.710132
row=284 len=47 new_len=47 seconds=1.23517
row=285 len=48 new_len=48 seconds=1.02547
row=286 len=47 new_len=47 seconds=1.11963
row=287 len=48 new_len=48 seconds=0.868181
row=288 len=45 new_len=45 seconds=0.853942
row=289 len=48 new_len=48 seconds=0.794352
row=290 len=47 new_len=47 seconds=0.671907
row=291 len=46 new_len=46 seconds=0.593184
row=292 len=45 new_len=45 seconds=0.578567
row=293 len=46 new_len=46 seconds=0.607108
row=294 len=45 new_len=45 seconds=0.687488
row=295 len=48 new_len=48 seconds=0.591213
row=296 len=47 new_len=47 seconds=0.520763
row=297 len=50 new_len=50 seconds=0.621197
row=298 len=45 new_len=45 seconds=0.518605
row=299 len=46 new_len=46 seconds=0.550032
row=300 len=43 new_len=43 seconds=0.502861
row=301 len=46 new_len=46 seconds=0.511725
row=302 len=43 new_len=43 seconds=0.51595
row=303 len=46 new_len=46 seconds=0.534269
row=304 len=47 new_len=47 seconds=0.525219
row=305 len=48 new_len=48 seconds=0.532573
row=306 len=43 new_len=43 seconds=0.544743
row=307 len=46 new_len=46 seconds=0.530063
row=308 len=45 new_len=45 seconds=0.562553
row=309 len=46 new_len=46 seconds=0.500036
row=310 len=45 new_len=45 seconds=0.646668
row=311 len=46 new_len=46 seconds=0.511184
row=312 len=49 new_len=49 seconds=0.562815
row=313 len=46 new_len=46 seconds=0.508149
row=314 len=47 new_len=47 seconds=0.534729
row=315 len=44 new_len=44 seconds=0.535184
row=316 len=45 new_len=45 seconds=0.530032
row=317 len=46 new_len=46 seconds=0.548218
row=318 len=43 new_len=43 seconds=0.537164
row=319 len=46 new_len=46 seconds=0.525551
row=320 len=45 new_len=45 seconds=0.587625
row=321 len=46 new_len=46 seconds=0.728152
row=322 len=47 new_len=47 seconds=1.01586
row=323 len=46 new_len=46 seconds=0.574702
row=324 len=47 new_len=47 seconds=0.658317
row=325 len=46 new_len=46 seconds=0.633741
row=326 len=47 new_len=47 seconds=0.671194
row=327 len=48 new_len=48 seconds=0.661421
row=328 len=47 new_len=47 seconds=0.87306
row=329 len=46 new_len=46 seconds=0.619352
row=330 len=47 new_len=47 seconds=0.616586
row=331 len=46 new_len=46 seconds=0.672521
row=332 len=45 new_len=45 seconds=0.742206
row=333 len=46 new_len=46 seconds=0.663245
row=334 len=43 new_len=43 seconds=0.571395
row=335 len=44 new_len=44 seconds=2.45399
row=336 len=47 new_len=47 seconds=1.64936
row=337 len=46 new_len=46 seconds=1.77564
row=338 len=43 new_len=43 seconds=1.71175
row=339 len=42 new_len=42 seconds=1.30065
row=340 len=45 new_len=45 seconds=0.984949
row=341 len=46 new_len=46 seconds=0.684147
row=342 len=49 new_len=49 seconds=0.669265
row=343 len=46 new_len=46 seconds=0.645212
row=344 len=47 new_len=47 seconds=0.686703
row=345 len=48 new_len=48 seconds=0.704504
row=346 len=47 new_len=47 seconds=0.64042
row=347 len=48 new_len=48 seconds=0.707569
row=348 len=45 new_len=45 seconds=0.631096
row=349 len=44 new_len=44 seconds=0.615438
row=350 len=45 new_len=45 seconds=0.63774
row=351 len=46 new_len=46 seconds=0.67046
row=352 len=45 new_len=45 seconds=0.66031
row=353 len=46 new_len=46 seconds=0.709082
row=354 len=45 new_len=45 seconds=0.647831
row=355 len=48 new_len=48 seconds=0.701954
row=356 len=47 new_len=47 seconds=0.660019
row=357 len=44 new_len=44 seconds=0.653014
row=358 len=47 new_len=47 seconds=0.625085
row=359 len=48 new_len=48 seconds=0.620123
row=360 len=45 new_len=45 seconds=0.541363
row=361 len=46 new_len=46 seconds=0.494553
row=362 len=47 new_len=47 seconds=0.523672
row=363 len=44 new_len=44 seconds=0.498266
row=364 len=49 new_len=49 seconds=0.514838
row=365 len=46 new_len=46 seconds=0.612886
row=366 len=47 new_len=47 seconds=0.522538
row=367 len=46 new_len=46 seconds=0.526647
row=368 len=47 new_len=47 seconds=0.532804
row=369 len=44 new_len=44 seconds=0.507093
row=370 len=45 new_len=45 seconds=0.510765
row=371 len=46 new_len=46 seconds=0.567917
row=372 len=47 new_len=47 seconds=0.526148
row=373 len=48 new_len=48 seconds=0.505804
row=374 len=47 new_len=47 seconds=0.481321
row=375 len=46 new_len=46 seconds=0.48308
row=376 len=45 new_len=45 seconds=0.485806
row=377 len=44 new_len=44 seconds=0.487658
row=378 len=47 new_len=47 seconds=0.507505
row=379 len=44 new_len=44 seconds=0.513415
row=380 len=49 new_len=49 seconds=0.520044
row=381 len=46 new_len=46 seconds=0.488683
row=382 len=47 new_len=47 seconds=0.66383
row=383 len=44 new_len=44 seconds=0.50521
row=384 len=47 new_len=47 seconds=0.492316
row=385 len=48 new_len=48 seconds=0.494872
row=386 len=47 new_len=47 seconds=0.506764
row=387 len=44 new_len=44 seconds=0.551178
row=388 len=45 new_len=45 seconds=0.459109
row=389 len=46 new_len=46 seconds=0.470012
row=390 len=47 new_len=47 seconds=0.467268
row=391 len=44 new_len=44 seconds=0.473233
row=392 len=45 new_len=45 seconds=0.446006
row=393 len=46 new_len=46 seconds=0.447152
row=394 len=43 new_len=43 seconds=0.519276
row=395 len=46 new_len=46 seconds=0.451293
row=396 len=43 new_len=43 seconds=0.453812
row=397 len=46 new_len=46 seconds=0.511325
row=398 len=43 new_len=43 seconds=0.473754
row=399 len=46 new_len=46 seconds=0.475547
row=400 len=45 new_len=45 seconds=0.469398
row=401 len=44 new_len=44 seconds=0.470859
row=402 len=47 new_len=47 seconds=0.464086
row=403 len=46 new_len=46 seconds=0.497367
row=404 len=47 new_len=47 seconds=0.48394
row=405 len=46 new_len=46 seconds=0.473713
row=406 len=45 new_len=45 seconds=0.469163
row=407 len=46 new_len=46 seconds=0.50003
row=408 len=47 new_len=47 seconds=0.550859
row=409 len=46 new_len=46 seconds=0.673969
row=410 len=47 new_len=47 seconds=1.07614
row=411 len=44 new_len=44 seconds=0.59137
row=412 len=43 new_len=43 seconds=0.577658
row=413 len=46 new_len=46 seconds=0.660344
row=414 len=47 new_len=47 seconds=0.639891
row=415 len=44 new_len=44 seconds=0.651175
row=416 len=45 new_len=45 seconds=0.600235
row=417 len=46 new_len=46 seconds=0.58335
row=418 len=47 new_len=47 seconds=0.585487
row=419 len=48 new_len=48 seconds=0.548479
row=420 len=49 new_len=49 seconds=0.54428
row=421 len=46 new_len=46 seconds=0.641102
row=422 len=49 new_len=49 seconds=0.592836
row=423 len=44 new_len=44 seconds=0.544488
row=424 len=47 new_len=47 seconds=0.580487
row=425 len=44 new_len=44 seconds=0.756663
row=426 len=45 new_len=45 seconds=0.691662
row=427 len=44 new_len=44 seconds=0.61611
row=428 len=47 new_len=47 seconds=1.73412
row=429 len=46 new_len=46 seconds=1.18922
row=430 len=45 new_len=45 seconds=0.968656
row=431 len=46 new_len=46 seconds=0.710428
row=432 len=47 new_len=47 seconds=0.755681
row=433 len=44 new_len=44 seconds=0.882018
row=434 len=45 new_len=45 seconds=0.990558
row=435 len=46 new_len=46 seconds=0.945006
row=436 len=45 new_len=45 seconds=0.88529
row=437 len=46 new_len=46 seconds=1.08285
row=438 len=47 new_len=47 seconds=0.868895
row=439 len=46 new_len=46 seconds=1.33518
row=440 len=43 new_len=43 seconds=0.981061
row=441 len=46 new_len=46 seconds=0.786815
row=442 len=45 new_len=45 seconds=0.693745
row=443 len=48 new_len=48 seconds=0.663069
row=444 len=47 new_len=47 seconds=0.771889
row=445 len=44 new_len=44 seconds=0.82046
row=446 len=45 new_len=45 seconds=0.924998
row=447 len=46 new_len=46 seconds=0.829745
row=448 len=45 new_len=45 seconds=1.0921
row=449 len=44 new_len=44 seconds=0.743599
row=450 len=47 new_len=47 seconds=0.821275
row=451 len=44 new_len=44 seconds=1.99965
row=452 len=47 new_len=47 seconds=1.47988
row=453 len=46 new_len=46 seconds=0.79515
row=454 len=47 new_len=47 seconds=0.802928
row=455 len=46 new_len=46 seconds=0.792352
row=456 len=43 new_len=43 seconds=1.15504
row=457 len=46 new_len=46 seconds=0.960096
row=458 len=45 new_len=45 seconds=0.67111
row=459 len=44 new_len=44 seconds=0.589922
row=460 len=47 new_len=47 seconds=0.628054
row=461 len=48 new_len=48 seconds=0.728981
row=462 len=49 new_len=49 seconds=0.761487
row=463 len=46 new_len=46 seconds=0.815017
row=464 len=45 new_len=45 seconds=0.556583
row=465 len=46 new_len=46 seconds=0.618949
row=466 len=47 new_len=47 seconds=0.690206
row=467 len=44 new_len=44 seconds=0.684234
row=468 len=43 new_len=43 seconds=0.601024
row=469 len=46 new_len=46 seconds=0.832573
row=470 len=45 new_len=45 seconds=0.669319
row=471 len=48 new_len=48 seconds=0.819212
row=472 len=45 new_len=45 seconds=0.580577
row=473 len=46 new_len=46 seconds=0.601422
row=474 len=43 new_len=43 seconds=0.581114
row=475 len=44 new_len=44 seconds=0.675898
row=476 len=45 new_len=45 seconds=0.58334
row=477 len=48 new_len=48 seconds=0.695406
row=478 len=45 new_len=45 seconds=0.736266
row=479 len=46 new_len=46 seconds=0.701812
row=480 len=45 new_len=45 seconds=0.735773
row=481 len=48 new_len=48 seconds=0.854817
row=482 len=45 new_len=45 seconds=0.71676
row=483 len=44 new_len=44 seconds=0.692397
row=484 len=47 new_len=47 seconds=0.711743
row=485 len=46 new_len=46 seconds=0.772256
row=486 len=41 new_len=41 seconds=0.668456
row=487 len=44 new_len=44 seconds=0.891673
row=488 len=47 new_len=47 seconds=0.641437
row=489 len=46 new_len=46 seconds=0.777406
row=490 len=45 new_len=45 seconds=0.740539
row=491 len=46 new_len=46 seconds=0.77432
row=492 len=45 new_len=45 seconds=0.595491
row=493 len=46 new_len=46 seconds=0.658421
row=494 len=45 new_len=45 seconds=0.68994
row=495 len=40 new_len=40 seconds=0.722499
row=496 len=47 new_len=47 seconds=0.668724
row=497 len=46 new_len=46 seconds=0.7518
row=498 len=47 new_len=47 seconds=0.676437
row=499 len=46 new_len=46 seconds=0.624539
row=500 len=45 new_len=45 seconds=0.644147
row=501 len=46 new_len=46 seconds=0.651018
row=502 len=45 new_len=45 seconds=0.625579
row=503 len=46 new_len=46 seconds=1.19923
row=504 len=45 new_len=45 seconds=0.989722
row=505 len=46 new_len=46 seconds=0.72244
row=506 len=45 new_len=45 seconds=0.967147
row=507 len=46 new_len=46 seconds=1.10634
row=508 len=43 new_len=43 seconds=1.08964
row=509 len=46 new_len=46 seconds=1.24942
row=510 len=45 new_len=45 seconds=1.10415
row=511 len=46 new_len=46 seconds=1.13124
row=512 len=45 new_len=45 seconds=1.04029
row=513 len=48 new_len=48 seconds=0.742773
row=514 len=45 new_len=45 seconds=0.977548
row=515 len=46 new_len=46 seconds=0.775888
row=516 len=43 new_len=43 seconds=0.809421
row=517 len=44 new_len=44 seconds=0.64538
row=518 len=45 new_len=45 seconds=0.803744
row=519 len=46 new_len=46 seconds=0.789396
row=520 len=45 new_len=45 seconds=0.842504
row=521 len=46 new_len=46 seconds=0.891101
row=522 len=45 new_len=45 seconds=0.684928
row=523 len=46 new_len=46 seconds=0.689833
row=524 len=45 new_len=45 seconds=0.631307
row=525 len=42 new_len=42 seconds=0.664277
row=526 len=47 new_len=47 seconds=0.572775
row=527 len=46 new_len=46 seconds=0.534766
row=528 len=45 new_len=45 seconds=0.53767
row=529 len=48 new_len=48 seconds=0.566012
row=530 len=45 new_len=45 seconds=0.57078
row=531 len=46 new_len=46 seconds=0.66273
row=532 len=45 new_len=45 seconds=0.757356
row=533 len=46 new_len=46 seconds=0.73732
row=534 len=47 new_len=47 seconds=0.712138
row=535 len=44 new_len=44 seconds=0.720279
row=536 len=45 new_len=45 seconds=0.787874
row=537 len=44 new_len=44 seconds=0.834632
row=538 len=45 new_len=45 seconds=0.956723
row=539 len=48 new_len=48 seconds=0.766046
row=540 len=43 new_len=43 seconds=0.828852
row=541 len=46 new_len=46 seconds=0.939303
row=542 len=45 new_len=45 seconds=0.841467
row=543 len=48 new_len=48 seconds=0.760955
row=544 len=45 new_len=45 seconds=0.781041
row=545 len=42 new_len=42 seconds=0.797584
row=546 len=45 new_len=45 seconds=0.765385
row=547 len=46 new_len=46 seconds=0.643983
row=548 len=45 new_len=45 seconds=0.736446
row=549 len=46 new_len=46 seconds=0.769075
row=550 len=45 new_len=45 seconds=0.722212
row=551 len=46 new_len=46 seconds=0.657386
row=552 len=45 new_len=45 seconds=0.868355
row=553 len=44 new_len=44 seconds=0.77215
row=554 len=45 new_len=45 seconds=0.757966
row=555 len=44 new_len=44 seconds=0.752086
row=556 len=45 new_len=45 seconds=0.746402
row=557 len=48 new_len=48 seconds=0.773935
row=558 len=47 new_len=47 seconds=0.732252
row=559 len=46 new_len=46 seconds=0.676654
row=560 len=43 new_len=43 seconds=0.759803
row=561 len=46 new_len=46 seconds=0.668051
row=562 len=47 new_len=47 seconds=0.757806
row=563 len=46 new_len=46 seconds=0.727987
row=564 len=47 new_len=47 seconds=0.736374
row=565 len=44 new_len=44 seconds=0.690059
row=566 len=45 new_len=45 seconds=0.67125
row=567 len=44 new_len=44 seconds=0.766388
row=568 len=45 new_len=45 seconds=0.691977
row=569 len=42 new_len=42 seconds=0.72971
row=570 len=43 new_len=43 seconds=0.84248
row=571 len=46 new_len=46 seconds=0.956226
row=572 len=47 new_len=47 seconds=0.820218
row=573 len=44 new_len=44 seconds=0.668459
row=574 len=43 new_len=43 seconds=1.01677
row=575 len=46 new_len=46 seconds=0.683778
row=576 len=49 new_len=49 seconds=0.74829
row=577 len=48 new_len=48 seconds=0.785335
row=578 len=47 new_len=47 seconds=0.924696
row=579 len=44 new_len=44 seconds=0.821836
row=580 len=45 new_len=45 seconds=1.17332
row=581 len=46 new_len=46 seconds=0.834018
row=582 len=45 new_len=45 seconds=1.18884
row=583 len=46 new_len=46 seconds=0.943217
row=584 len=45 new_len=45 seconds=0.817738
row=585 len=48 new_len=48 seconds=0.970558
row=586 len=45 new_len=45 seconds=0.806454
row=587 len=44 new_len=44 seconds=0.903513
row=588 len=45 new_len=45 seconds=0.838014
row=589 len=44 new_len=44 seconds=0.672168
row=590 len=47 new_len=47 seconds=0.571122
row=591 len=44 new_len=44 seconds=0.52239
row=592 len=45 new_len=45 seconds=0.488791
row=593 len=44 new_len=44 seconds=0.479975
row=594 len=47 new_len=47 seconds=0.470059
row=595 len=44 new_len=44 seconds=0.560387
row=596 len=47 new_len=47 seconds=0.476111
row=597 len=44 new_len=44 seconds=0.476049
row=598 len=45 new_len=45 seconds=0.476162
row=599 len=48 new_len=48 seconds=0.490898
row=600 len=45 new_len=45 seconds=0.452133
row=601 len=42 new_len=42 seconds=0.437381
row=602 len=47 new_len=47 seconds=0.482698
row=603 len=46 new_len=46 seconds=0.487309
row=604 len=45 new_len=45 seconds=1.08517
row=605 len=44 new_len=44 seconds=2.18174
row=606 len=47 new_len=47 seconds=0.978632
row=607 len=46 new_len=46 seconds=0.799759
row=608 len=43 new_len=43 seconds=0.598042
row=609 len=46 new_len=46 seconds=0.47843
row=610 len=45 new_len=45 seconds=0.470415
row=611 len=40 new_len=40 seconds=0.461576
row=612 len=43 new_len=43 seconds=0.520172
row=613 len=46 new_len=46 seconds=0.570079
row=614 len=45 new_len=45 seconds=0.518724
row=615 len=46 new_len=46 seconds=1.13673
row=616 len=49 new_len=49 seconds=1.08427
row=617 len=44 new_len=44 seconds=0.960136
row=618 len=45 new_len=45 seconds=1.5812
row=619 len=48 new_len=48 seconds=2.86918
row=620 len=47 new_len=47 seconds=1.73375
row=621 len=46 new_len=46 seconds=1.85121
row=622 len=45 new_len=45 seconds=1.91349
row=623 len=44 new_len=44 seconds=1.63923
row=624 len=47 new_len=47 seconds=1.55773
row=625 len=46 new_len=46 seconds=2.00541
row=626 len=45 new_len=45 seconds=0.975295
row=627 len=46 new_len=46 seconds=0.793055
row=628 len=45 new_len=45 seconds=0.712208
row=629 len=46 new_len=46 seconds=0.934147
row=630 len=47 new_len=47 seconds=2.04824
row=631 len=48 new_len=48 seconds=1.30716
row=632 len=45 new_len=45 seconds=0.90304
row=633 len=46 new_len=46 seconds=1.04968
row=634 len=45 new_len=45 seconds=0.753156
row=635 len=44 new_len=44 seconds=1.14412
row=636 len=41 new_len=41 seconds=0.965211
row=637 len=46 new_len=46 seconds=0.834906
row=638 len=45 new_len=45 seconds=2.47413
row=639 len=46 new_len=46 seconds=1.02729
row=640 len=47 new_len=47 seconds=1.10994
row=641 len=46 new_len=46 seconds=0.648559
row=642 len=47 new_len=47 seconds=0.601322
row=643 len=44 new_len=44 seconds=0.677006
row=644 len=45 new_len=45 seconds=0.756586
row=645 len=46 new_len=46 seconds=0.72558
row=646 len=45 new_len=45 seconds=0.6602
row=647 len=46 new_len=46 seconds=0.673789
row=648 len=45 new_len=45 seconds=0.60064
row=649 len=44 new_len=44 seconds=0.550124
row=650 len=45 new_len=45 seconds=0.581551
row=651 len=42 new_len=42 seconds=0.505521
row=652 len=45 new_len=45 seconds=0.582167
row=653 len=46 new_len=46 seconds=0.557128
row=654 len=45 new_len=45 seconds=0.614637
row=655 len=46 new_len=46 seconds=0.559555
row=656 len=45 new_len=45 seconds=0.498045
row=657 len=44 new_len=44 seconds=0.537486
row=658 len=45 new_len=45 seconds=0.509529
row=659 len=46 new_len=46 seconds=0.536907
row=660 len=45 new_len=45 seconds=0.531882
row=661 len=46 new_len=46 seconds=0.645625
row=662 len=43 new_len=43 seconds=0.594955
row=663 len=46 new_len=46 seconds=0.602897
row=664 len=47 new_len=47 seconds=0.839049
row=665 len=46 new_len=46 seconds=0.556804
row=666 len=45 new_len=45 seconds=0.505726
row=667 len=44 new_len=44 seconds=0.461215
row=668 len=49 new_len=49 seconds=0.539049
row=669 len=46 new_len=46 seconds=0.546217
row=670 len=45 new_len=45 seconds=0.51251
row=671 len=44 new_len=44 seconds=0.485287
row=672 len=43 new_len=43 seconds=0.527058
row=673 len=46 new_len=46 seconds=0.559475
row=674 len=45 new_len=45 seconds=0.968575
row=675 len=46 new_len=46 seconds=1.17687
row=676 len=45 new_len=45 seconds=0.779544
row=677 len=46 new_len=46 seconds=1.40516
row=678 len=45 new_len=45 seconds=1.38845
row=679 len=46 new_len=46 seconds=1.3946
row=680 len=47 new_len=47 seconds=1.34613
row=681 len=44 new_len=44 seconds=1.30828
row=682 len=45 new_len=45 seconds=0.734412
row=683 len=48 new_len=48 seconds=0.625709
row=684 len=45 new_len=45 seconds=0.663855
row=685 len=46 new_len=46 seconds=0.515846
row=686 len=47 new_len=47 seconds=0.603377
row=687 len=46 new_len=46 seconds=0.818159
row=688 len=45 new_len=45 seconds=0.845098
row=689 len=46 new_len=46 seconds=1.47452
row=690 len=45 new_len=45 seconds=1.58141
row=691 len=46 new_len=46 seconds=0.898185
row=692 len=47 new_len=47 seconds=0.951255
row=693 len=46 new_len=46 seconds=0.766288
row=694 len=45 new_len=45 seconds=0.709856
row=695 len=44 new_len=44 seconds=0.781037
row=696 len=47 new_len=47 seconds=1.24523
row=697 len=46 new_len=46 seconds=0.804142
row=698 len=47 new_len=47 seconds=2.84491
row=699 len=46 new_len=46 seconds=1.24957
row=700 len=45 new_len=45 seconds=1.15374
row=701 len=44 new_len=44 seconds=2.84064
row=702 len=47 new_len=47 seconds=4.20698
row=703 len=44 new_len=44 seconds=1.05979
row=704 len=45 new_len=45 seconds=0.843286
row=705 len=44 new_len=44 seconds=0.94453
row=706 len=41 new_len=41 seconds=1.00696
row=707 len=46 new_len=46 seconds=1.15644
row=708 len=47 new_len=47 seconds=0.95468
row=709 len=46 new_len=46 seconds=0.885519
row=710 len=47 new_len=47 seconds=0.916075
row=711 len=46 new_len=46 seconds=3.29642
row=712 len=45 new_len=45 seconds=0.676652
row=713 len=46 new_len=46 seconds=0.622396
row=714 len=45 new_len=45 seconds=0.98694
row=715 len=44 new_len=44 seconds=0.908974
row=716 len=45 new_len=45 seconds=0.644981
row=717 len=46 new_len=46 seconds=0.591103
row=718 len=47 new_len=47 seconds=0.641761
row=719 len=46 new_len=46 seconds=0.696425
row=720 len=47 new_len=47 seconds=0.892091
row=721 len=46 new_len=46 seconds=0.482926
row=722 len=45 new_len=45 seconds=0.541512
row=723 len=46 new_len=46 seconds=0.498196
row=724 len=43 new_len=43 seconds=0.533966
row=725 len=46 new_len=46 seconds=0.622799
row=726 len=45 new_len=45 seconds=0.497164
row=727 len=46 new_len=46 seconds=0.567249
row=728 len=45 new_len=45 seconds=0.555554
row=729 len=46 new_len=46 seconds=0.657275
row=730 len=45 new_len=45 seconds=0.546059
row=731 len=44 new_len=44 seconds=0.50437
row=732 len=45 new_len=45 seconds=0.515002
row=733 len=46 new_len=46 seconds=0.532573
row=734 len=49 new_len=49 seconds=0.53322
row=735 len=46 new_len=46 seconds=0.533797
row=736 len=45 new_len=45 seconds=0.549512
row=737 len=46 new_len=46 seconds=0.552907
row=738 len=45 new_len=45 seconds=0.532404
row=739 len=44 new_len=44 seconds=0.555475
row=740 len=45 new_len=45 seconds=0.567681
row=741 len=46 new_len=46 seconds=0.500573
row=742 len=47 new_len=47 seconds=0.51371
row=743 len=44 new_len=44 seconds=0.596535
row=744 len=43 new_len=43 seconds=0.550738
row=745 len=46 new_len=46 seconds=0.711387
row=746 len=45 new_len=45 seconds=0.957343
row=747 len=46 new_len=46 seconds=0.707934
row=748 len=45 new_len=45 seconds=0.693025
row=749 len=40 new_len=40 seconds=0.594015
row=750 len=47 new_len=47 seconds=0.524965
row=751 len=46 new_len=46 seconds=0.58229
row=752 len=47 new_len=47 seconds=0.578262
row=753 len=46 new_len=46 seconds=0.564307
row=754 len=45 new_len=45 seconds=0.674031
row=755 len=46 new_len=46 seconds=0.611106
row=756 len=47 new_len=47 seconds=0.855961
row=757 len=46 new_len=46 seconds=0.675745
row=758 len=45 new_len=45 seconds=0.846199
row=759 len=44 new_len=44 seconds=0.757181
row=760 len=45 new_len=45 seconds=0.838259
row=761 len=46 new_len=46 seconds=0.624319
row=762 len=45 new_len=45 seconds=1.18461
row=763 len=46 new_len=46 seconds=0.681226
row=764 len=47 new_len=47 seconds=0.725977
row=765 len=44 new_len=44 seconds=0.847125
row=766 len=47 new_len=47 seconds=0.876995
row=767 len=46 new_len=46 seconds=0.582113
row=768 len=45 new_len=45 seconds=0.735957
row=769 len=44 new_len=44 seconds=0.615614
row=770 len=45 new_len=45 seconds=0.47189
row=771 len=42 new_len=42 seconds=0.509175
row=772 len=47 new_len=47 seconds=0.496823
row=773 len=46 new_len=46 seconds=0.494702
row=774 len=45 new_len=45 seconds=0.607537
row=775 len=46 new_len=46 seconds=0.62246
row=776 len=47 new_len=47 seconds=0.911136
row=777 len=46 new_len=46 seconds=0.666693
row=778 len=47 new_len=47 seconds=2.25452
row=779 len=44 new_len=44 seconds=1.62462
row=780 len=45 new_len=45 seconds=1.22296
row=781 len=44 new_len=44 seconds=0.833889
row=782 len=47 new_len=47 seconds=0.813326
row=783 len=46 new_len=46 seconds=1.06211
row=784 len=47 new_len=47 seconds=0.975894
row=785 len=44 new_len=44 seconds=0.955645
row=786 len=45 new_len=45 seconds=0.989974
row=787 len=44 new_len=44 seconds=1.10918
row=788 len=47 new_len=47 seconds=0.837182
row=789 len=46 new_len=46 seconds=2.02549
row=790 len=45 new_len=45 seconds=2.2016
row=791 len=44 new_len=44 seconds=2.08128
row=792 len=45 new_len=45 seconds=2.31656
row=793 len=44 new_len=44 seconds=1.30944
row=794 len=45 new_len=45 seconds=1.85065
row=795 len=44 new_len=44 seconds=1.58456
row=796 len=45 new_len=45 seconds=1.31008
row=797 len=44 new_len=44 seconds=0.83654
row=798 len=47 new_len=47 seconds=0.703786
row=799 len=46 new_len=46 seconds=0.610562
row=800 len=43 new_len=43 seconds=0.728271
row=801 len=46 new_len=46 seconds=0.571972
row=802 len=45 new_len=45 seconds=0.526574
row=803 len=46 new_len=46 seconds=0.479274
row=804 len=45 new_len=45 seconds=0.495507
row=805 len=48 new_len=48 seconds=0.544483
row=806 len=45 new_len=45 seconds=0.667532
row=807 len=46 new_len=46 seconds=0.493765
row=808 len=47 new_len=47 seconds=0.454998
row=809 len=44 new_len=44 seconds=0.485448
row=810 len=45 new_len=45 seconds=0.545345
row=811 len=44 new_len=44 seconds=0.51326
row=812 len=45 new_len=45 seconds=0.533597
row=813 len=46 new_len=46 seconds=0.475702
row=814 len=43 new_len=43 seconds=0.476575
row=815 len=44 new_len=44 seconds=0.47315
row=816 len=45 new_len=45 seconds=0.469334
row=817 len=46 new_len=46 seconds=0.468666
row=818 len=45 new_len=45 seconds=0.495095
row=819 len=42 new_len=42 seconds=0.481748
row=820 len=45 new_len=45 seconds=0.457241
row=821 len=44 new_len=44 seconds=0.474312
row=822 len=43 new_len=43 seconds=0.463799
row=823 len=48 new_len=48 seconds=0.484943
row=824 len=45 new_len=45 seconds=0.468117
row=825 len=46 new_len=46 seconds=0.492465
row=826 len=47 new_len=47 seconds=0.588439
row=827 len=44 new_len=44 seconds=0.680641
row=828 len=47 new_len=47 seconds=0.655811
row=829 len=46 new_len=46 seconds=0.760608
row=830 len=45 new_len=45 seconds=0.745336
row=831 len=46 new_len=46 seconds=2.56248
row=832 len=45 new_len=45 seconds=1.80433
row=833 len=46 new_len=46 seconds=1.19919
row=834 len=47 new_len=47 seconds=0.781565
row=835 len=46 new_len=46 seconds=0.661277
row=836 len=47 new_len=47 seconds=0.758606
row=837 len=46 new_len=46 seconds=0.655481
row=838 len=45 new_len=45 seconds=0.616395
row=839 len=48 new_len=48 seconds=0.586304
row=840 len=45 new_len=45 seconds=0.595864
row=841 len=44 new_len=44 seconds=0.646229
row=842 len=45 new_len=45 seconds=0.595894
row=843 len=44 new_len=44 seconds=0.627393
row=844 len=45 new_len=45 seconds=0.733688
row=845 len=46 new_len=46 seconds=0.58661
row=846 len=45 new_len=45 seconds=0.568333
row=847 len=46 new_len=46 seconds=0.682566
row=848 len=45 new_len=45 seconds=2.75028
row=849 len=44 new_len=44 seconds=2.15796
row=850 len=47 new_len=47 seconds=2.59658
row=851 len=42 new_len=42 seconds=1.29078
row=852 len=45 new_len=45 seconds=1.55342
row=853 len=44 new_len=44 seconds=1.58524
row=854 len=47 new_len=47 seconds=1.12261
row=855 len=48 new_len=48 seconds=1.04148
row=856 len=45 new_len=45 seconds=0.649738
row=857 len=44 new_len=44 seconds=0.567392
row=858 len=47 new_len=47 seconds=0.630452
row=859 len=44 new_len=44 seconds=0.579952
row=860 len=45 new_len=45 seconds=0.629149
row=861 len=42 new_len=42 seconds=0.612167
row=862 len=45 new_len=45 seconds=0.592134
row=863 len=44 new_len=44 seconds=0.565392
row=864 len=45 new_len=45 seconds=0.590562
row=865 len=44 new_len=44 seconds=0.660338
row=866 len=45 new_len=45 seconds=0.583262
row=867 len=46 new_len=46 seconds=0.634258
row=868 len=47 new_len=47 seconds=0.718418
row=869 len=44 new_len=44 seconds=0.622335
row=870 len=45 new_len=45 seconds=0.580743
row=871 len=42 new_len=42 seconds=0.6312
row=872 len=45 new_len=45 seconds=0.582642
row=873 len=46 new_len=46 seconds=0.618259
row=874 len=45 new_len=45 seconds=0.639505
row=875 len=46 new_len=46 seconds=0.597863
row=876 len=47 new_len=47 seconds=0.587418
row=877 len=46 new_len=46 seconds=0.561241
row=878 len=43 new_len=43 seconds=0.609267
row=879 len=44 new_len=44 seconds=0.620561
row=880 len=43 new_len=43 seconds=0.628697
row=881 len=44 new_len=44 seconds=0.658977
row=882 len=45 new_len=45 seconds=0.610821
row=883 len=46 new_len=46 seconds=0.594536
row=884 len=45 new_len=45 seconds=0.747059
row=885 len=44 new_len=44 seconds=0.636931
row=886 len=45 new_len=45 seconds=0.60295
row=887 len=44 new_len=44 seconds=0.606317
row=888 len=47 new_len=47 seconds=0.602231
row=889 len=42 new_len=42 seconds=0.595094
row=890 len=45 new_len=45 seconds=0.674964
row=891 len=42 new_len=42 seconds=0.635219
row=892 len=47 new_len=47 seconds=0.62472
row=893 len=44 new_len=44 seconds=0.620664
row=894 len=43 new_len=43 seconds=0.613714
row=895 len=44 new_len=44 seconds=0.62526
row=896 len=47 new_len=47 seconds=0.779894
row=897 len=44 new_len=44 seconds=0.636285
row=898 len=45 new_len=45 seconds=0.621819
row=899 len=46 new_len=46 seconds=0.609008
row=900 len=45 new_len=45 seconds=0.571513
row=901 len=46 new_len=46 seconds=0.619025
row=902 len=47 new_len=47 seconds=0.587136
row=903 len=44 new_len=44 seconds=0.604137
row=904 len=47 new_len=47 seconds=0.687527
row=905 len=46 new_len=46 seconds=0.662124
row=906 len=47 new_len=47 seconds=0.63422
row=907 len=46 new_len=46 seconds=0.588575
row=908 len=45 new_len=45 seconds=0.634307
row=909 len=48 new_len=48 seconds=0.625617
row=910 len=47 new_len=47 seconds=0.578906
row=911 len=46 new_len=46 seconds=0.573105
row=912 len=43 new_len=43 seconds=0.583799
row=913 len=44 new_len=44 seconds=0.627161
row=914 len=45 new_len=45 seconds=0.611482
row=915 len=46 new_len=46 seconds=0.620764
row=916 len=45 new_len=45 seconds=0.604688
row=917 len=44 new_len=44 seconds=0.592437
row=918 len=45 new_len=45 seconds=0.601374
row=919 len=46 new_len=46 seconds=0.597433
row=920 len=47 new_len=47 seconds=1.4177
row=921 len=46 new_len=46 seconds=1.97127
row=922 len=47 new_len=47 seconds=1.14245
row=923 len=44 new_len=44 seconds=1.09419
row=924 len=47 new_len=47 seconds=1.1196
row=925 len=46 new_len=46 seconds=1.14603
row=926 len=45 new_len=45 seconds=1.11934
row=927 len=46 new_len=46 seconds=1.16843
row=928 len=45 new_len=45 seconds=1.0339
row=929 len=44 new_len=44 seconds=0.643028
row=930 len=47 new_len=47 seconds=0.722224
row=931 len=42 new_len=42 seconds=0.532284
row=932 len=45 new_len=45 seconds=0.627443
row=933 len=46 new_len=46 seconds=0.591189
row=934 len=47 new_len=47 seconds=0.608753
row=935 len=46 new_len=46 seconds=0.572762
row=936 len=43 new_len=43 seconds=0.629645
row=937 len=44 new_len=44 seconds=0.659904
row=938 len=47 new_len=47 seconds=0.56695
row=939 len=46 new_len=46 seconds=0.610296
row=940 len=45 new_len=45 seconds=0.649467
row=941 len=44 new_len=44 seconds=0.675857
row=942 len=45 new_len=45 seconds=0.660965
row=943 len=42 new_len=42 seconds=0.541784
row=944 len=45 new_len=45 seconds=0.642699
row=945 len=46 new_len=46 seconds=0.648605
row=946 len=43 new_len=43 seconds=0.639406
row=947 len=46 new_len=46 seconds=0.779238
row=948 len=47 new_len=47 seconds=0.914783
row=949 len=42 new_len=42 seconds=0.66714
row=950 len=43 new_len=43 seconds=0.520669
row=951 len=44 new_len=44 seconds=0.802205
row=952 len=45 new_len=45 seconds=0.682214
row=953 len=46 new_len=46 seconds=0.483473
row=954 len=45 new_len=45 seconds=0.640821
row=955 len=42 new_len=42 seconds=0.608416
row=956 len=45 new_len=45 seconds=0.643879
row=957 len=44 new_len=44 seconds=0.660239
row=958 len=45 new_len=45 seconds=0.519592
row=959 len=46 new_len=46 seconds=0.703757
row=960 len=43 new_len=43 seconds=0.93857
row=961 len=46 new_len=46 seconds=0.814018
row=962 len=45 new_len=45 seconds=0.734936
row=963 len=46 new_len=46 seconds=0.664266
row=964 len=47 new_len=47 seconds=0.66825
row=965 len=44 new_len=44 seconds=0.702989
row=966 len=45 new_len=45 seconds=0.769137
row=967 len=46 new_len=46 seconds=0.690287
row=968 len=45 new_len=45 seconds=0.60403
row=969 len=44 new_len=44 seconds=0.550343
row=970 len=43 new_len=43 seconds=0.63701
row=971 len=46 new_len=46 seconds=0.605272
row=972 len=47 new_len=47 seconds=0.709843
row=973 len=48 new_len=48 seconds=0.813034
row=974 len=45 new_len=45 seconds=0.915364
row=975 len=44 new_len=44 seconds=1.15682
row=976 len=43 new_len=43 seconds=0.717582
row=977 len=44 new_len=44 seconds=0.803994
row=978 len=45 new_len=45 seconds=0.724341
row=979 len=46 new_len=46 seconds=0.606002
row=980 len=45 new_len=45 seconds=0.752447
row=981 len=44 new_len=44 seconds=0.761801
row=982 len=41 new_len=41 seconds=0.773579
row=983 len=46 new_len=46 seconds=0.739199
row=984 len=45 new_len=45 seconds=0.888082
row=985 len=44 new_len=44 seconds=0.936961
row=986 len=47 new_len=47 seconds=1.05062
row=987 len=42 new_len=42 seconds=0.787833
row=988 len=45 new_len=45 seconds=0.714935
row=989 len=46 new_len=46 seconds=0.843999
row=990 len=45 new_len=45 seconds=0.505331
row=991 len=46 new_len=46 seconds=0.702289
row=992 len=45 new_len=45 seconds=0.623278
row=993 len=46 new_len=46 seconds=0.612159
row=994 len=47 new_len=47 seconds=0.747078
row=995 len=46 new_len=46 seconds=0.833535
row=996 len=49 new_len=49 seconds=0.556764
row=997 len=44 new_len=44 seconds=0.560822
row=998 len=45 new_len=45 seconds=0.514481
row=999 len=44 new_len=44 seconds=0.470789
row=1000 len=44 new_len=44 seconds=0.648541
row=1001 len=46 new_len=46 seconds=0.495762
row=1002 len=44 new_len=44 seconds=0.447687
row=1003 len=47 new_len=47 seconds=0.490844
row=1004 len=45 new_len=45 seconds=0.575233
row=1005 len=46 new_len=46 seconds=0.527836
row=1006 len=47 new_len=47 seconds=0.545837
row=1007 len=43 new_len=43 seconds=0.478063
row=1008 len=45 new_len=45 seconds=0.567781
row=1009 len=42 new_len=42 seconds=0.646384
row=1010 len=45 new_len=45 seconds=0.767768
row=1011 len=45 new_len=45 seconds=0.726983
row=1012 len=47 new_len=47 seconds=0.52292
row=1013 len=48 new_len=48 seconds=0.502185
row=1014 len=46 new_len=46 seconds=0.550859
row=1015 len=44 new_len=44 seconds=0.596261
row=1016 len=45 new_len=45 seconds=0.770553
row=1017 len=44 new_len=44 seconds=0.691529
row=1018 len=46 new_len=46 seconds=0.494362
row=1019 len=47 new_len=47 seconds=0.46642
row=1020 len=46 new_len=46 seconds=0.484094
row=1021 len=43 new_len=43 seconds=0.499112
row=1022 len=45 new_len=45 seconds=0.493022
row=1023 len=40 new_len=40 seconds=0.493009
row=1024 len=46 new_len=46 seconds=0.528775
row=1025 len=46 new_len=46 seconds=0.630799
row=1026 len=46 new_len=46 seconds=0.512766
row=1027 len=43 new_len=43 seconds=0.53227
row=1028 len=45 new_len=45 seconds=0.515317
row=1029 len=47 new_len=47 seconds=0.516616
row=1030 len=46 new_len=46 seconds=0.530887
row=1031 len=48 new_len=48 seconds=0.517156
row=1032 len=47 new_len=47 seconds=0.51548
row=1033 len=41 new_len=41 seconds=0.539279
row=1034 len=44 new_len=44 seconds=0.569436
row=1035 len=47 new_len=47 seconds=0.503093
row=1036 len=43 new_len=43 seconds=0.510906
row=1037 len=43 new_len=43 seconds=0.539358
row=1038 len=45 new_len=45 seconds=0.498888
row=1039 len=44 new_len=44 seconds=0.50648
row=1040 len=46 new_len=46 seconds=0.58567
row=1041 len=46 new_len=46 seconds=0.530498
row=1042 len=47 new_len=47 seconds=0.52297
searched_rows=1043
improved_rows=0
before_total=46316
after_total=46316
total_gain=0
total_seconds=824.993
      825.02 real       629.56 user        43.59 sys
           440516608  maximum resident set size
                   0  average shared memory size
                   0  average unshared data size
                   0  average unshared stack size
             2318485  page reclaims
                  14  page faults
                   0  swaps
                   0  block input operations
                   0  block output operations
                   0  messages sent
                   0  messages received
                   0  signals received
               11735  voluntary context switches
             3641125  involuntary context switches
       3526631544273  instructions retired
       2187123599937  cycles elapsed
           440386208  peak memory footprint
